開始生成股票報告...
處理 2330.TW...
  價格: 1865, 漲跌: -75.00
  新聞: []
處理 6223.TWO...
  價格: 1865, 漲跌: -60.00
  新聞: []
處理 4772.TWO...
  價格: 1865, 漲跌: -8.00
  新聞: []
完成!
開始生成股票報告...
處理 2330.TW...
  價格: 1845, 漲跌: -95.00
  新聞: ['台股今（16）日震盪收跌57點，三大法人同步賣超477億元，其中外資連3日賣超，累計提款逾1730億元。分析師指出，受美伊衝突與油價高檔影響，市場不確定性升高，法人操作轉趨保守。觀察外資買賣超，賣超集中在面板股友達（2409），大砍逾9萬張登今日賣超王，台積電（2330）也遭砍1.6萬張賣超擠進賣超前十大。']
處理 6223.TWO...
  價格: 1845, 漲跌: +15.00
  新聞: []
處理 4772.TWO...
  價格: 1845, 漲跌: +3.00
  新聞: []
完成!
開始生成股票報告...
處理 2330.TW...
  價格: 1870, 漲跌: +30.00
  新聞: []
處理 6223.TWO...
  價格: 1870, 漲跌: +30.00
  新聞: []
處理 4772.TWO...
  價格: 1870, 漲跌: -8.00
  新聞: []
完成!
開始生成股票報告...
處理 2330.TW...
  價格: 1905, 漲跌: +65.00
  新聞: []
處理 6223.TWO...
  價格: 1905, 漲跌: +185.00
  新聞: []
處理 4772.TWO...
  價格: 1905, 漲跌: 0
  新聞: []
完成!
開始生成股票報告...
處理 2330.TW...
  價格: 1850, 漲跌: -55.00
  新聞: []
處理 6223.TWO...
  價格: 1850, 漲跌: -70.00
  新聞: []
處理 4772.TWO...
  價格: 1850, 漲跌: -7.00
  新聞: []
完成!
開始生成股票報告...
處理 2330.TW...
  價格: 26.25, 漲跌: -65.00
  新聞: []
處理 6223.TWO...
  價格: 26.25, 漲跌: +195.00
  新聞: []
處理 4772.TWO...
  價格: 26.25, 漲跌: -18.00
  新聞: []
完成!
開始生成股票報告...
處理 2330.TW...
  價格: 1810, 漲跌: -95.00
  新聞: ['（中央社記者鍾榮峰台北2026年3月23日電）美伊衝突能源危機升高，日韓股市重挫，台股早盤最低32461.09點，重挫1082.79點，之後跌幅漸收斂、量縮走勢震盪，台積電終場跌幅收斂，收在1810元，力守1800元關卡。台股今天開低走低，電子權值股挫跌，金融、中小型股拉回，油電燃氣族群翻黑，僅中小型塑化股逆勢勁揚。終場加權指數收32722.5點，下跌821.38點，成交值約新台幣6754.88億元。電子指數跌2.5%，金融指數跌1.5%，代表中小型股的櫃買OTC指數終場挫跌3.47%。權王台積電(2330)終場收1810元，跌30元，跌幅1.63%，市值46.93兆元。', '即時中心／綜合報導美伊衝突沒有減弱跡象，國際油價持續飆漲，上週五台指期夜盤重挫822點、美股四大指數全面收黑。台股今（23）日先以33,334.00點開出、下跌209.88點，隨後便雪崩式下跌，一度重摔1,082.79點；盤中回升震盪，終場指數就以32,722.5點作收、下滑821.38點，跌幅2.45％，成交量6,754.88億元。台積電（2330）終場以1,810元作收、下跌30元，成功守住1800元關卡。']
處理 6223.TWO...
  價格: 1810, 漲跌: -145.00
  新聞: []
處理 4772.TWO...
  價格: 1810, 漲跌: -32.50
  新聞: []
完成!
開始生成股票報告...
處理 2330.TW...
  價格: 1810, 漲跌: 0
  新聞: []
處理 6223.TWO...
  價格: 1810, 漲跌: -190.00
  新聞: []
處理 4772.TWO...
  價格: 1810, 漲跌: +3.50
  新聞: []
完成!
開始生成股票報告...
處理 2330.TW...
  價格: 1845, 漲跌: +35.00
  新聞: []
處理 6223.TWO...
  價格: 1845, 漲跌: +80.00
  新聞: []
處理 4772.TWO...
  價格: 1845, 漲跌: +9.00
  新聞: []
完成!
